ARM Linker, 5.03 [Build 76] [MDK-ARM Lite]

==============================================================================

Section Cross References

    startup_tm4c123.o(STACK) refers (Special) to heapauxi.o(.text) for __use_two_region_memory
    startup_tm4c123.o(HEAP) refers (Special) to heapauxi.o(.text) for __use_two_region_memory
    startup_tm4c123.o(RESET) refers (Special) to heapauxi.o(.text) for __use_two_region_memory
    startup_tm4c123.o(RESET) refers to startup_tm4c123.o(STACK) for __initial_sp
    startup_tm4c123.o(RESET) refers to startup_tm4c123.o(.text) for Reset_Handler
    startup_tm4c123.o(.text) refers (Special) to heapauxi.o(.text) for __use_two_region_memory
    startup_tm4c123.o(.text) refers to startup_tm4c123.o(HEAP) for Heap_Mem
    startup_tm4c123.o(.text) refers to startup_tm4c123.o(STACK) for Stack_Mem


==============================================================================

Image Symbol Table

    Local Symbols

    Symbol Name                              Value     Ov Type        Size  Object(Section)

    RESET                                    0x00000000   Section      620  startup_tm4c123.o(RESET)
    ../clib/heapaux.c                        0x00000000   Number         0  heapauxi.o ABSOLUTE
    dc.s                                     0x00000000   Number         0  dc.o ABSOLUTE
    keypad.c                                 0x00000000   Number         0  keypad.o ABSOLUTE
    startup_TM4C123.s                        0x00000000   Number         0  startup_tm4c123.o ABSOLUTE
    .text                                    0x0000026c   Section      260  startup_tm4c123.o(.text)
    $v0                                      0x0000026c   Number         0  startup_tm4c123.o(.text)
    .text                                    0x00000370   Section        0  heapauxi.o(.text)
    HEAP                                     0x20000000   Section        0  startup_tm4c123.o(HEAP)
    STACK                                    0x20000000   Section      512  startup_tm4c123.o(STACK)
    Heap_Mem                                 0x20000000   Data           0  startup_tm4c123.o(HEAP)
    Stack_Mem                                0x20000000   Data         512  startup_tm4c123.o(STACK)
    __initial_sp                             0x20000200   Data           0  startup_tm4c123.o(STACK)

    Global Symbols

    Symbol Name                              Value     Ov Type        Size  Object(Section)

    BuildAttributes$$THM_ISAv4$E$P$D$K$B$S$7EM$VFPi3$EXTD16$VFPS$VFMA$PE$A:L22UL41UL21$X:L11$S22US41US21$IEEE1$IW$USESV6$~STKCKD$USESV7$~SHL$OSPACE$ROPI$EBA8$STANDARDLIB$REQ8$PRES8$EABIv2 0x00000000   Number         0  anon$$obj.o ABSOLUTE
    __Vectors                                0x00000000   Data           4  startup_tm4c123.o(RESET)
    Reset_Handler                            0x0000026d   Thumb Code     2  startup_tm4c123.o(.text)
    __Vectors_End                            0x0000026c   Data           0  startup_tm4c123.o(RESET)
    __Vectors_Size                           0x0000026c   Number         0  startup_tm4c123.o ABSOLUTE
    NMI_Handler                              0x0000026f   Thumb Code     2  startup_tm4c123.o(.text)
    HardFault_Handler                        0x00000271   Thumb Code     2  startup_tm4c123.o(.text)
    MemManage_Handler                        0x00000273   Thumb Code     2  startup_tm4c123.o(.text)
    BusFault_Handler                         0x00000275   Thumb Code     2  startup_tm4c123.o(.text)
    UsageFault_Handler                       0x00000277   Thumb Code     2  startup_tm4c123.o(.text)
    SVC_Handler                              0x00000279   Thumb Code     2  startup_tm4c123.o(.text)
    DebugMon_Handler                         0x0000027b   Thumb Code     2  startup_tm4c123.o(.text)
    PendSV_Handler                           0x0000027d   Thumb Code     2  startup_tm4c123.o(.text)
    SysTick_Handler                          0x0000027f   Thumb Code     2  startup_tm4c123.o(.text)
    GPIOA_Handler                            0x00000281   Thumb Code     2  startup_tm4c123.o(.text)
    GPIOB_Handler                            0x00000283   Thumb Code     2  startup_tm4c123.o(.text)
    GPIOC_Handler                            0x00000285   Thumb Code     2  startup_tm4c123.o(.text)
    GPIOD_Handler                            0x00000287   Thumb Code     2  startup_tm4c123.o(.text)
    GPIOE_Handler                            0x00000289   Thumb Code     2  startup_tm4c123.o(.text)
    UART0_Handler                            0x0000028b   Thumb Code     2  startup_tm4c123.o(.text)
    UART1_Handler                            0x0000028d   Thumb Code     2  startup_tm4c123.o(.text)
    SSI0_Handler                             0x0000028f   Thumb Code     2  startup_tm4c123.o(.text)
    I2C0_Handler                             0x00000291   Thumb Code     2  startup_tm4c123.o(.text)
    PMW0_FAULT_Handler                       0x00000293   Thumb Code     2  startup_tm4c123.o(.text)
    PWM0_0_Handler                           0x00000295   Thumb Code     2  startup_tm4c123.o(.text)
    PWM0_1_Handler                           0x00000297   Thumb Code     2  startup_tm4c123.o(.text)
    PWM0_2_Handler                           0x00000299   Thumb Code     2  startup_tm4c123.o(.text)
    QEI0_Handler                             0x0000029b   Thumb Code     2  startup_tm4c123.o(.text)
    ADC0SS0_Handler                          0x0000029d   Thumb Code     2  startup_tm4c123.o(.text)
    ADC0SS1_Handler                          0x0000029f   Thumb Code     2  startup_tm4c123.o(.text)
    ADC0SS2_Handler                          0x000002a1   Thumb Code     2  startup_tm4c123.o(.text)
    ADC0SS3_Handler                          0x000002a3   Thumb Code     2  startup_tm4c123.o(.text)
    WDT0_Handler                             0x000002a5   Thumb Code     2  startup_tm4c123.o(.text)
    TIMER0A_Handler                          0x000002a7   Thumb Code     2  startup_tm4c123.o(.text)
    TIMER0B_Handler                          0x000002a9   Thumb Code     2  startup_tm4c123.o(.text)
    TIMER1A_Handler                          0x000002ab   Thumb Code     2  startup_tm4c123.o(.text)
    TIMER1B_Handler                          0x000002ad   Thumb Code     2  startup_tm4c123.o(.text)
    TIMER2A_Handler                          0x000002af   Thumb Code     2  startup_tm4c123.o(.text)
    TIMER2B_Handler                          0x000002b1   Thumb Code     2  startup_tm4c123.o(.text)
    COMP0_Handler                            0x000002b3   Thumb Code     2  startup_tm4c123.o(.text)
    COMP1_Handler                            0x000002b5   Thumb Code     2  startup_tm4c123.o(.text)
    COMP2_Handler                            0x000002b7   Thumb Code     2  startup_tm4c123.o(.text)
    SYSCTL_Handler                           0x000002b9   Thumb Code     2  startup_tm4c123.o(.text)
    FLASH_Handler                            0x000002bb   Thumb Code     2  startup_tm4c123.o(.text)
    GPIOF_Handler                            0x000002bd   Thumb Code     2  startup_tm4c123.o(.text)
    GPIOG_Handler                            0x000002bf   Thumb Code     2  startup_tm4c123.o(.text)
    GPIOH_Handler                            0x000002c1   Thumb Code     2  startup_tm4c123.o(.text)
    UART2_Handler                            0x000002c3   Thumb Code     2  startup_tm4c123.o(.text)
    SSI1_Handler                             0x000002c5   Thumb Code     2  startup_tm4c123.o(.text)
    TIMER3A_Handler                          0x000002c7   Thumb Code     2  startup_tm4c123.o(.text)
    TIMER3B_Handler                          0x000002c9   Thumb Code     2  startup_tm4c123.o(.text)
    I2C1_Handler                             0x000002cb   Thumb Code     2  startup_tm4c123.o(.text)
    QEI1_Handler                             0x000002cd   Thumb Code     2  startup_tm4c123.o(.text)
    CAN0_Handler                             0x000002cf   Thumb Code     2  startup_tm4c123.o(.text)
    CAN1_Handler                             0x000002d1   Thumb Code     2  startup_tm4c123.o(.text)
    CAN2_Handler                             0x000002d3   Thumb Code     2  startup_tm4c123.o(.text)
    HIB_Handler                              0x000002d5   Thumb Code     2  startup_tm4c123.o(.text)
    USB0_Handler                             0x000002d7   Thumb Code     2  startup_tm4c123.o(.text)
    PWM0_3_Handler                           0x000002d9   Thumb Code     2  startup_tm4c123.o(.text)
    UDMA_Handler                             0x000002db   Thumb Code     2  startup_tm4c123.o(.text)
    UDMAERR_Handler                          0x000002dd   Thumb Code     2  startup_tm4c123.o(.text)
    ADC1SS0_Handler                          0x000002df   Thumb Code     2  startup_tm4c123.o(.text)
    ADC1SS1_Handler                          0x000002e1   Thumb Code     2  startup_tm4c123.o(.text)
    ADC1SS2_Handler                          0x000002e3   Thumb Code     2  startup_tm4c123.o(.text)
    ADC1SS3_Handler                          0x000002e5   Thumb Code     2  startup_tm4c123.o(.text)
    GPIOJ_Handler                            0x000002e7   Thumb Code     2  startup_tm4c123.o(.text)
    GPIOK_Handler                            0x000002e9   Thumb Code     2  startup_tm4c123.o(.text)
    GPIOL_Handler                            0x000002eb   Thumb Code     2  startup_tm4c123.o(.text)
    SSI2_Handler                             0x000002ed   Thumb Code     2  startup_tm4c123.o(.text)
    SSI3_Handler                             0x000002ef   Thumb Code     2  startup_tm4c123.o(.text)
    UART3_Handler                            0x000002f1   Thumb Code     2  startup_tm4c123.o(.text)
    UART4_Handler                            0x000002f3   Thumb Code     2  startup_tm4c123.o(.text)
    UART5_Handler                            0x000002f5   Thumb Code     2  startup_tm4c123.o(.text)
    UART6_Handler                            0x000002f7   Thumb Code     2  startup_tm4c123.o(.text)
    UART7_Handler                            0x000002f9   Thumb Code     2  startup_tm4c123.o(.text)
    I2C2_Handler                             0x000002fb   Thumb Code     2  startup_tm4c123.o(.text)
    I2C3_Handler                             0x000002fd   Thumb Code     2  startup_tm4c123.o(.text)
    TIMER4A_Handler                          0x000002ff   Thumb Code     2  startup_tm4c123.o(.text)
    TIMER4B_Handler                          0x00000301   Thumb Code     2  startup_tm4c123.o(.text)
    TIMER5A_Handler                          0x00000303   Thumb Code     2  startup_tm4c123.o(.text)
    TIMER5B_Handler                          0x00000305   Thumb Code     2  startup_tm4c123.o(.text)
    WTIMER0A_Handler                         0x00000307   Thumb Code     2  startup_tm4c123.o(.text)
    WTIMER0B_Handler                         0x00000309   Thumb Code     2  startup_tm4c123.o(.text)
    WTIMER1A_Handler                         0x0000030b   Thumb Code     2  startup_tm4c123.o(.text)
    WTIMER1B_Handler                         0x0000030d   Thumb Code     2  startup_tm4c123.o(.text)
    WTIMER2A_Handler                         0x0000030f   Thumb Code     2  startup_tm4c123.o(.text)
    WTIMER2B_Handler                         0x00000311   Thumb Code     2  startup_tm4c123.o(.text)
    WTIMER3A_Handler                         0x00000313   Thumb Code     2  startup_tm4c123.o(.text)
    WTIMER3B_Handler                         0x00000315   Thumb Code     2  startup_tm4c123.o(.text)
    WTIMER4A_Handler                         0x00000317   Thumb Code     2  startup_tm4c123.o(.text)
    WTIMER4B_Handler                         0x00000319   Thumb Code     2  startup_tm4c123.o(.text)
    WTIMER5A_Handler                         0x0000031b   Thumb Code     2  startup_tm4c123.o(.text)
    WTIMER5B_Handler                         0x0000031d   Thumb Code     2  startup_tm4c123.o(.text)
    FPU_Handler                              0x0000031f   Thumb Code     2  startup_tm4c123.o(.text)
    I2C4_Handler                             0x00000321   Thumb Code     2  startup_tm4c123.o(.text)
    I2C5_Handler                             0x00000323   Thumb Code     2  startup_tm4c123.o(.text)
    GPIOM_Handler                            0x00000325   Thumb Code     2  startup_tm4c123.o(.text)
    GPION_Handler                            0x00000327   Thumb Code     2  startup_tm4c123.o(.text)
    QEI2_Handler                             0x00000329   Thumb Code     2  startup_tm4c123.o(.text)
    GPIOP0_Handler                           0x0000032b   Thumb Code     2  startup_tm4c123.o(.text)
    GPIOP1_Handler                           0x0000032d   Thumb Code     2  startup_tm4c123.o(.text)
    GPIOP2_Handler                           0x0000032f   Thumb Code     2  startup_tm4c123.o(.text)
    GPIOP3_Handler                           0x00000331   Thumb Code     2  startup_tm4c123.o(.text)
    GPIOP4_Handler                           0x00000333   Thumb Code     2  startup_tm4c123.o(.text)
    GPIOP5_Handler                           0x00000335   Thumb Code     2  startup_tm4c123.o(.text)
    GPIOP6_Handler                           0x00000337   Thumb Code     2  startup_tm4c123.o(.text)
    GPIOP7_Handler                           0x00000339   Thumb Code     2  startup_tm4c123.o(.text)
    GPIOQ0_Handler                           0x0000033b   Thumb Code     2  startup_tm4c123.o(.text)
    GPIOQ1_Handler                           0x0000033d   Thumb Code     2  startup_tm4c123.o(.text)
    GPIOQ2_Handler                           0x0000033f   Thumb Code     2  startup_tm4c123.o(.text)
    GPIOQ3_Handler                           0x00000341   Thumb Code     2  startup_tm4c123.o(.text)
    GPIOQ4_Handler                           0x00000343   Thumb Code     2  startup_tm4c123.o(.text)
    GPIOQ5_Handler                           0x00000345   Thumb Code     2  startup_tm4c123.o(.text)
    GPIOQ6_Handler                           0x00000347   Thumb Code     2  startup_tm4c123.o(.text)
    GPIOQ7_Handler                           0x00000349   Thumb Code     2  startup_tm4c123.o(.text)
    GPIOR_Handler                            0x0000034b   Thumb Code     2  startup_tm4c123.o(.text)
    GPIOS_Handler                            0x0000034d   Thumb Code     2  startup_tm4c123.o(.text)
    PMW1_0_Handler                           0x0000034f   Thumb Code     2  startup_tm4c123.o(.text)
    PWM1_1_Handler                           0x00000351   Thumb Code     2  startup_tm4c123.o(.text)
    PWM1_2_Handler                           0x00000353   Thumb Code     2  startup_tm4c123.o(.text)
    PWM1_3_Handler                           0x00000355   Thumb Code     2  startup_tm4c123.o(.text)
    PWM1_FAULT_Handler                       0x00000357   Thumb Code     2  startup_tm4c123.o(.text)
    __user_initial_stackheap                 0x00000359   Thumb Code     0  startup_tm4c123.o(.text)
    __use_two_region_memory                  0x00000371   Thumb Code     2  heapauxi.o(.text)
    __rt_heap_escrow$2region                 0x00000373   Thumb Code     2  heapauxi.o(.text)
    __rt_heap_expand$2region                 0x00000375   Thumb Code     2  heapauxi.o(.text)



==============================================================================

Memory Map of the image

  Image Entry point : 0x0000026d

  Load Region LR_1 (Base: 0x00000000, Size: 0x00000378, Max: 0xffffffff, ABSOLUTE)

    Execution Region ER_RO (Base: 0x00000000, Size: 0x00000378, Max: 0xffffffff, ABSOLUTE)

    Base Addr    Size         Type   Attr      Idx    E Section Name        Object

    0x00000000   0x0000026c   Data   RO            3    RESET               startup_tm4c123.o
    0x0000026c   0x00000104   Code   RO            4  * .text               startup_tm4c123.o
    0x00000370   0x00000006   Code   RO           16    .text               c_w.l(heapauxi.o)


    Execution Region ER_RW (Base: 0x20000000, Size: 0x00000000, Max: 0xffffffff, ABSOLUTE)

    **** No section assigned to this execution region ****


    Execution Region ER_ZI (Base: 0x20000000, Size: 0x00000200, Max: 0xffffffff, ABSOLUTE)

    Base Addr    Size         Type   Attr      Idx    E Section Name        Object

    0x20000000   0x00000000   Zero   RW            2    HEAP                startup_tm4c123.o
    0x20000000   0x00000200   Zero   RW            1    STACK               startup_tm4c123.o


==============================================================================

Image component sizes


      Code (inc. data)   RO Data    RW Data    ZI Data      Debug   Object Name

       260         14        620          0        512       5396   startup_tm4c123.o

    ----------------------------------------------------------------------
       260         14        620          0        512       5396   Object Totals
         0          0          0          0          0          0   (incl. Generated)
         0          0          0          0          0          0   (incl. Padding)

    ----------------------------------------------------------------------

      Code (inc. data)   RO Data    RW Data    ZI Data      Debug   Library Member Name

         6          0          0          0          0        152   heapauxi.o

    ----------------------------------------------------------------------
         8          0          0          0          0        152   Library Totals
         2          0          0          0          0          0   (incl. Padding)

    ----------------------------------------------------------------------

      Code (inc. data)   RO Data    RW Data    ZI Data      Debug   Library Name

         6          0          0          0          0        152   c_w.l

    ----------------------------------------------------------------------
         8          0          0          0          0        152   Library Totals

    ----------------------------------------------------------------------

==============================================================================


      Code (inc. data)   RO Data    RW Data    ZI Data      Debug   

       268         14        620          0        512       5548   Grand Totals
       268         14        620          0        512       5548   ELF Image Totals
       268         14        620          0          0          0   ROM Totals

==============================================================================

    Total RO  Size (Code + RO Data)                  888 (   0.87kB)
    Total RW  Size (RW Data + ZI Data)               512 (   0.50kB)
    Total ROM Size (Code + RO Data + RW Data)        888 (   0.87kB)

==============================================================================

