<html>
<body>
<pre>
<h1>µVision Build Log</h1>
<h2>Project:</h2>
E:\Second term\Embedded\gethub2\Microwave_project\microwave_project1\project.uvproj
Project File Date:  05/17/2022

<h2>Output:</h2>
Rebuild target 'Target 1'
assembling startup_TM4C123.s...
compiling keypad.c...
keypad.c(1): warning:  #1-D: last line of file ends without a newline
  //hello everybody
keypad.c: 1 warning, 0 errors
linking...
Program Size: Code=268 RO-data=620 RW-data=0 ZI-data=512  
".\project.axf" - 0 Error(s), 1 Warning(s).
